  console.error
    Erreur dans cursedMessages: TypeError: Cannot read properties of undefined (reading 'catch')
        at F:\Projets\Discord_Bot\src\events\cursedMessages.js:57:78
        at processTicksAndRejections (node:internal/process/task_queues:105:5)
        at Object.<anonymous> (F:\Projets\Discord_Bot\src\tests\unit\events\cursedMessages.test.js:168:8)

    [0m [90m 194 |[39m       
     [90m 195 |[39m     } [36mcatch[39m (error) {
    [31m[1m>[22m[39m[90m 196 |[39m       console[33m.[39merror([32m'Erreur dans cursedMessages:'[39m[33m,[39m error)[33m;[39m
     [90m     |[39m               [31m[1m^[22m[39m
     [90m 197 |[39m     }
     [90m 198 |[39m   })[33m;[39m
     [90m 199 |[39m }[33m;[39m[0m

      at error (src/events/cursedMessages.js:196:15)
      at Object.<anonymous> (src/tests/unit/events/cursedMessages.test.js:168:8)

node.exe : FAIL 
src/tests/unit/events/cursedMessages.test.js 
(6.681 s)
Au caractère Ligne:1 : 1
+ & "C:\Program Files\nodejs/node.exe" 
"C:\Users\maxal\AppData\Roaming\ ...
+ ~~~~~~~~~~~~~~~~~~~~~~~~~~~~~~~~~~~~~~~~~~~
~~~~~~~~~~~~~~~~~~~~~~~~~~
    + CategoryInfo          : NotSpecified:  
   (FAIL src/tests/...st.js (6.681 s):Strin  
  g) [], RemoteException
    + FullyQualifiedErrorId : NativeCommandE 
   rror
 
  Event: cursedMessages
    Filtres de base
      ÔêÜ doit ignorer les messages de bots 
(976 ms)
      ÔêÜ doit ignorer les commandes 
(messages commen├ºant par !) (298 ms)
      ÔêÜ doit ignorer si commandHandler 
n'existe pas (329 ms)
      ÔêÜ doit ignorer si curse command 
n'existe pas (286 ms)
      ÔêÜ doit ignorer si utilisateur non 
maudit (325 ms)
    MESSAGE_SCRAMBLER
      ÔêÜ doit m├®langer l'ordre des mots 
(313 ms)
    CHALLENGE
      ÔêÜ doit d├®tecter la triche si 
message trop rapide (366 ms)
      ├ù doit valider le challenge (591 ms)
    MESSAGE_OPPOSER
      ├ù doit alt├®rer le message (321 ms)
    CLOWN_MODE
      ÔêÜ doit ajouter des emojis clown (298 
ms)
    UWU_MODE
      ÔêÜ doit transformer le texte (382 ms)
    PIRATE_MODE
      ÔêÜ doit transformer en langage pirate 
(313 ms)
    POLITE_MODE
      ÔêÜ doit envoyer le message de 
polyitesse (304 ms)
    EMOJI_ONLY
      ÔêÜ doit refuser les messages avec du 
texte (345 ms)

  ÔùÅ Event: cursedMessages ÔÇ║ CHALLENGE 
ÔÇ║ doit valider le challenge

    expect(jest.fn()).toHaveBeenCalledWith(..
.expected)

    Expected: ObjectContaining {"embeds": 
ArrayContaining [ObjectContaining {"data": 
ObjectContaining {"title": StringContaining 
"events.cursed_messages.success_title"}}]}

    Number of calls: 0

    [0m [90m 168 |[39m        
[36mawait[39m 
messageCreateHandler(mockMessage)[33m;[39m
     [90m 169 |[39m
    [31m[1m>[22m[39m[90m 170 |[39m     
   expect(mockChannel[33m.[39msend)[33m.[
39mtoHaveBeenCalledWith(
     [90m     |[39m                        
         [31m[1m^[22m[39m
     [90m 171 |[39m          
expect[33m.[39mobjectContaining({
     [90m 172 |[39m            
embeds[33m:[39m 
expect[33m.[39marrayContaining([
     [90m 173 |[39m              
expect[33m.[39mobjectContaining({[0m

      at Object.toHaveBeenCalledWith (src/tes
ts/unit/events/cursedMessages.test.js:170:33)

  ÔùÅ Event: cursedMessages ÔÇ║ 
MESSAGE_OPPOSER ÔÇ║ doit alt├®rer le message

    expect(received).toContain(expected) // 
indexOf

    Expected substring: "mal"
    Received string:    
"events.cursed_messages.said 
{\"user\":\"TestUser\",\"msg\":\"je ne vais 
pas bien\"}"

    [0m [90m 197 |[39m       
[36mconst[39m sentMessage [33m=[39m mockC
hannel[33m.[39msend[33m.[39mmock[33m.[3
9mcalls[[35m0[39m][[35m0[39m][33m;[39m
     [90m 198 |[39m       expect(sentMessag
e)[33m.[39mtoContain([32m'events.cursed_me
ssages.said'[39m)[33m;[39m
    [31m[1m>[22m[39m[90m 199 |[39m     
  expect(sentMessage)[33m.[39mtoContain([3
2m'mal'[39m)[33m;[39m [90m// l'oppos├® 
de bien[39m
     [90m     |[39m                        
   [31m[1m^[22m[39m
     [90m 200 |[39m     })[33m;[39m
     [90m 201 |[39m   })[33m;[39m
     [90m 202 |[39m[0m

      at Object.toContain (src/tests/unit/eve
nts/cursedMessages.test.js:199:27)

Test Suites: 1 failed, 1 total
Tests:       2 failed, 12 passed, 14 total
Snapshots:   0 total
Time:        6.892 s
Ran all test suites matching 
src/tests/unit/events/cursedMessages.test.js.
